// Bun Snapshot v1, https://goo.gl/fbAQLP

exports[`findContentInFile finds content 1`] = `
[
  {
    "contents": 
"
  # @name TestQuery
  select User {
    name
  } filter .name = 'test'
"
,
    "extensionName": "edgeql",
    "loc": {
      "end": {
        "character": 1,
        "line": 5,
      },
      "start": {
        "character": 20,
        "line": 0,
      },
    },
  },
  {
    "contents": 
"
  display: flex;
"
,
    "extensionName": "css",
    "loc": {
      "end": {
        "character": 1,
        "line": 18,
      },
      "start": {
        "character": 19,
        "line": 16,
      },
    },
  },
]
`;

exports[`findContentInFile finds content 2 1`] = `
[
  {
    "contents": 
"
    # @name allMovies
    select Movie {
      id,
      title
      actors: {
          id,
          name,
          numberOfPets := count(.pets)
      }
    } order by .title
    "
,
    "extensionName": "edgeql",
    "loc": {
      "end": {
        "character": 5,
        "line": 12,
      },
      "start": {
        "character": 22,
        "line": 1,
      },
    },
  },
  {
    "contents": 
"
    # @name allMoviesNested
    select Movie {
      id,
      title,
      actors: {
          id,
          name,
          numberOfPets := count(.pets)
      }
    } order by .title
    "
,
    "extensionName": "edgeql",
    "loc": {
      "end": {
        "character": 5,
        "line": 36,
      },
      "start": {
        "character": 22,
        "line": 25,
      },
    },
  },
  {
    "contents": 
"
    # @name movieByTitle
    select Movie {
      id,
      title,
      actors: {
          id,
          name,
          numberOfPets := count(.pets),
          typesDump: {
            date,
            localDateTime,
            localDate,
            relativeDuration,
            duration,
            dateDuration,
            localTime,
            json
          }
      }
    } 
      filter .title = <str>$title
      limit 1
    "
,
    "extensionName": "edgeql",
    "loc": {
      "end": {
        "character": 5,
        "line": 63,
      },
      "start": {
        "character": 22,
        "line": 40,
      },
    },
  },
  {
    "contents": 
"
  # @name AddActor
  insert Person {
    name := <str>$name
  }
"
,
    "extensionName": "edgeql",
    "loc": {
      "end": {
        "character": 1,
        "line": 75,
      },
      "start": {
        "character": 26,
        "line": 70,
      },
    },
  },
  {
    "contents": 
"
  # @name RemoveActor
  delete Person filter .id = <uuid>$id
"
,
    "extensionName": "edgeql",
    "loc": {
      "end": {
        "character": 1,
        "line": 82,
      },
      "start": {
        "character": 29,
        "line": 79,
      },
    },
  },
]
`;

exports[`findContentInFile finds content 3 1`] = `
[
  {
    "contents": 
"
    # @name allMovies
    select Movie {
      id,
      title
      actors: {
          id,
          name,
          numberOfPets := count(.pets)
      }
    } order by .title
    "
,
    "extensionName": "edgeql",
    "loc": {
      "end": {
        "character": 5,
        "line": 12,
      },
      "start": {
        "character": 22,
        "line": 1,
      },
    },
  },
  {
    "contents": 
"
    # @name allMoviesNested
    select Movie {
      id,
      title,
      actors: {
          id,
          name,
          numberOfPets := count(.pets)
      }
    } order by .title
    "
,
    "extensionName": "edgeql",
    "loc": {
      "end": {
        "character": 5,
        "line": 36,
      },
      "start": {
        "character": 22,
        "line": 25,
      },
    },
  },
  {
    "contents": 
"
    # @name movieByTitle
    select Movie {
      id,
      title,
      actors: {
          id,
          name,
          numberOfPets := count(.pets),
          typesDump: {
            date,
            localDateTime,
            localDate,
            relativeDuration,
            duration,
            dateDuration,
            localTime,
            json
          }
      }
    } 
      filter .title = <str>$title
      limit 1
    "
,
    "extensionName": "edgeql",
    "loc": {
      "end": {
        "character": 5,
        "line": 63,
      },
      "start": {
        "character": 22,
        "line": 40,
      },
    },
  },
  {
    "contents": 
"
  # @name AddActor
  insert Person {
    name := <str>$name
  }
"
,
    "extensionName": "edgeql",
    "loc": {
      "end": {
        "character": 1,
        "line": 75,
      },
      "start": {
        "character": 26,
        "line": 70,
      },
    },
  },
  {
    "contents": 
"
  # @name RemoveActor
  delete Person filter .id = <uuid>$id
"
,
    "extensionName": "edgeql",
    "loc": {
      "end": {
        "character": 1,
        "line": 82,
      },
      "start": {
        "character": 29,
        "line": 79,
      },
    },
  },
]
`;

exports[`extractContentInFile extracts content 1`] = `
[
  {
    "contents": 
"
  # @name TestQuery
  select User {
    name
  } filter .name = 'test'
"
,
    "extensionName": "edgeql",
    "loc": {
      "end": {
        "character": 1,
        "line": 5,
      },
      "start": {
        "character": 20,
        "line": 0,
      },
    },
  },
  {
    "contents": 
"
  display: flex;
"
,
    "extensionName": "css",
    "loc": {
      "end": {
        "character": 1,
        "line": 18,
      },
      "start": {
        "character": 19,
        "line": 16,
      },
    },
  },
]
`;
